timeout 20
gfxmenu /JINN/data/jinn_skin

iftitle [if "%@root%"=="(cd)"] Продолжить загрузку с жесткого диска
root (hd0,0)
chainloader +1

iftitle [if not "%@root%"=="(cd)"] Продолжить загрузку с жесткого диска
find --set-root --ignore-floppies --ignore-cd /bootmgr || find --set-root --ignore-floppies --ignore-cd /ntldr
map (hd0) (hd1)
map (hd1) (hd0)
map --hook
rootnoverify (hd0)
chainloader (hd0)+1

iftitle [if exist /JINN/data/bootmain] Установка Windows
chainloader /JINN/data/bootmain

iftitle [if not exist /SSTR/menu.lst && if exist /JINN/data/Tools/Memtest86-6.3.0.iso] MemTest86 (PassMark)
find --set-root --ignore-floppies /JINN/data/Tools/Memtest86-6.3.0.iso
map --mem /JINN/data/Tools/Memtest86-6.3.0.iso (0xff)
map --hook
chainloader (0xff)

iftitle [if exist /JINN/data/tools/HDDaRTs.ima] HDDaRTs (HDD Diagnostic and Repair in MS-DOS)
find --set-root /JINN/data/tools/HDDaRTs.ima
map --mem --read-only /JINN/data/tools/HDDaRTs.ima (fd0)
map --hook
chainloader (fd0)+1
rootnoverify (fd0)
map --floppies=1

#iftitle [if exist /BOOTMGR] Установка Windows NT6 (BOOTMGR в корне USB-накопителя)
#chainloader /BOOTMGR

#title [if exist /JINN/data/bootmain] Установка Windows XP (Пользовательская версия)
#configfile /winsetup.lst

title
configfile /JINN/data/menu.lst

title Перезагрузить ПК
reboot

title Выключить ПК
halt
